// Vitest Snapshot v1, https://vitest.dev/guide/snapshot.html

exports[`Litegraph module > has the same structure > minLGraph 1`] = `
LiteGraphGlobal {
  "ACTION": -1,
  "ALWAYS": 0,
  "ARROW_SHAPE": 5,
  "AUTOHIDE_TITLE": 3,
  "BOX_SHAPE": 1,
  "CANVAS_GRID_SIZE": 10,
  "CARD_SHAPE": 4,
  "CENTER": 5,
  "CIRCLE_SHAPE": 3,
  "CONNECTING_LINK_COLOR": "#AFA",
  "Classes": {
    "InputIndicators": [Function],
    "Rectangle": [Function],
    "SubgraphIONodeBase": [Function],
    "SubgraphSlot": [Function],
  },
  "ContextMenu": [Function],
  "CurveEditor": [Function],
  "DEFAULT_FONT": "Arial",
  "DEFAULT_GROUP_FONT": 24,
  "DEFAULT_GROUP_FONT_SIZE": undefined,
  "DEFAULT_POSITION": [
    100,
    100,
  ],
  "DEFAULT_SHADOW_COLOR": "rgba(0,0,0,0.5)",
  "DOWN": 2,
  "DragAndScale": [Function],
  "EVENT": -1,
  "EVENT_LINK_COLOR": "#A86",
  "GRID_SHAPE": 6,
  "GROUP_FONT": "Arial",
  "Globals": {},
  "HIDDEN_LINK": -1,
  "INPUT": 1,
  "LEFT": 3,
  "LGraph": [Function],
  "LGraphCanvas": [Function],
  "LGraphGroup": [Function],
  "LGraphNode": [Function],
  "LINEAR_LINK": 1,
  "LINK_COLOR": "#9A9",
  "LINK_RENDER_MODES": [
    "Straight",
    "Linear",
    "Spline",
  ],
  "LLink": [Function],
  "LabelPosition": {
    "Left": "left",
    "Right": "right",
  },
  "MAX_NUMBER_OF_NODES": 10000,
  "NEVER": 2,
  "NODE_BOX_OUTLINE_COLOR": "#FFF",
  "NODE_COLLAPSED_RADIUS": 10,
  "NODE_COLLAPSED_WIDTH": 80,
  "NODE_DEFAULT_BGCOLOR": "#353535",
  "NODE_DEFAULT_BOXCOLOR": "#666",
  "NODE_DEFAULT_COLOR": "#333",
  "NODE_DEFAULT_SHAPE": 2,
  "NODE_ERROR_COLOUR": "#E00",
  "NODE_FONT": "Arial",
  "NODE_MIN_WIDTH": 50,
  "NODE_MODES": [
    "Always",
    "On Event",
    "Never",
    "On Trigger",
  ],
  "NODE_MODES_COLORS": [
    "#666",
    "#422",
    "#333",
    "#224",
    "#626",
  ],
  "NODE_SELECTED_TITLE_COLOR": "#FFF",
  "NODE_SLOT_HEIGHT": 20,
  "NODE_SUBTEXT_SIZE": 12,
  "NODE_TEXT_COLOR": "#AAA",
  "NODE_TEXT_HIGHLIGHT_COLOR": "#EEE",
  "NODE_TEXT_SIZE": 14,
  "NODE_TITLE_COLOR": "#999",
  "NODE_TITLE_HEIGHT": 30,
  "NODE_TITLE_TEXT_Y": 20,
  "NODE_WIDGET_HEIGHT": 20,
  "NODE_WIDTH": 140,
  "NORMAL_TITLE": 0,
  "NO_TITLE": 1,
  "Nodes": {},
  "ON_EVENT": 1,
  "ON_TRIGGER": 3,
  "OUTPUT": 2,
  "RIGHT": 4,
  "ROUND_RADIUS": 8,
  "ROUND_SHAPE": 2,
  "Reroute": [Function],
  "SPLINE_LINK": 2,
  "STRAIGHT_LINK": 0,
  "SlotDirection": {
    "1": "Up",
    "2": "Down",
    "3": "Left",
    "4": "Right",
    "Down": 2,
    "Left": 3,
    "Right": 4,
    "Up": 1,
  },
  "SlotShape": {
    "1": "Box",
    "3": "Circle",
    "5": "Arrow",
    "6": "Grid",
    "7": "HollowCircle",
    "Arrow": 5,
    "Box": 1,
    "Circle": 3,
    "Grid": 6,
    "HollowCircle": 7,
  },
  "SlotType": {
    "-1": "Event",
    "Array": "array",
    "Event": -1,
  },
  "TRANSPARENT_TITLE": 2,
  "UP": 1,
  "VALID_SHAPES": [
    "default",
    "box",
    "round",
    "card",
  ],
  "VERSION": 0.4,
  "VERTICAL_LAYOUT": "vertical",
  "WIDGET_ADVANCED_OUTLINE_COLOR": "rgba(56, 139, 253, 0.8)",
  "WIDGET_BGCOLOR": "#222",
  "WIDGET_DISABLED_TEXT_COLOR": "#666",
  "WIDGET_OUTLINE_COLOR": "#666",
  "WIDGET_SECONDARY_TEXT_COLOR": "#999",
  "WIDGET_TEXT_COLOR": "#DDD",
  "allow_multi_output_for_events": true,
  "allow_scripts": false,
  "alt_drag_do_clone_nodes": false,
  "alwaysRepeatWarnings": false,
  "alwaysSnapToGrid": undefined,
  "auto_load_slot_types": false,
  "catch_exceptions": true,
  "click_do_break_link_to": false,
  "context_menu_scaling": false,
  "ctrl_alt_click_do_break_link": true,
  "ctrl_shift_v_paste_connect_unselected_outputs": true,
  "debug": false,
  "dialog_close_on_mouse_leave": false,
  "dialog_close_on_mouse_leave_delay": 500,
  "distance": [Function],
  "do_add_triggers_slots": false,
  "highlight_selected_group": true,
  "isInsideRectangle": [Function],
  "macGesturesRequireMac": true,
  "macTrackpadGestures": false,
  "middle_click_slot_add_default_node": false,
  "node_box_coloured_by_mode": false,
  "node_box_coloured_when_on": false,
  "node_images_path": "",
  "node_types_by_file_extension": {},
  "onDeprecationWarning": [
    [Function],
  ],
  "overlapBounding": [Function],
  "pointerevents_method": "pointer",
  "proxy": null,
  "registered_node_types": {},
  "registered_slot_in_types": {},
  "registered_slot_out_types": {},
  "release_link_on_empty_shows_menu": false,
  "saveViewportWithGraph": true,
  "search_filter_enabled": false,
  "search_hide_on_mouse_leave": true,
  "search_show_all_on_open": true,
  "searchbox_extras": {},
  "shift_click_do_break_link_from": false,
  "slot_types_default_in": {},
  "slot_types_default_out": {},
  "slot_types_in": [],
  "slot_types_out": [],
  "snapToGrid": undefined,
  "snap_highlights_node": true,
  "snaps_for_comfy": true,
  "throw_errors": true,
  "truncateWidgetTextEvenly": false,
  "truncateWidgetValuesFirst": false,
  "use_uuids": false,
  "uuidv4": [Function],
}
`;
