// Vitest Snapshot v1, https://vitest.dev/guide/snapshot.html

exports[`LGraph (constructor only) > Matches previous snapshot > basicLGraph 1`] = `
LGraph {
  "_groups": [
    LGraphGroup {
      "_bounding": Float32Array [
        20,
        20,
        1,
        3,
      ],
      "_children": Set {},
      "_nodes": [],
      "_pos": Float32Array [
        20,
        20,
      ],
      "_size": Float32Array [
        1,
        3,
      ],
      "color": "#6029aa",
      "flags": {},
      "font": undefined,
      "font_size": 14,
      "graph": [Circular],
      "id": 123,
      "isPointInside": [Function],
      "selected": undefined,
      "setDirtyCanvas": [Function],
      "title": "A group to test with",
    },
  ],
  "_input_nodes": undefined,
  "_last_trigger_time": undefined,
  "_links": Map {},
  "_nodes": [
    LGraphNode {
      "_collapsed_width": undefined,
      "_level": undefined,
      "_pos": Float32Array [
        10,
        10,
      ],
      "_posSize": Float32Array [
        10,
        10,
        140,
        60,
      ],
      "_relative_id": undefined,
      "_shape": undefined,
      "_size": Float32Array [
        140,
        60,
      ],
      "action_call": undefined,
      "action_triggered": undefined,
      "badgePosition": "top-left",
      "badges": [],
      "bgcolor": undefined,
      "block_delete": undefined,
      "boxcolor": undefined,
      "changeTracker": undefined,
      "clip_area": undefined,
      "clonable": undefined,
      "color": undefined,
      "console": undefined,
      "exec_version": undefined,
      "execute_triggered": undefined,
      "flags": {},
      "freeWidgetSpace": undefined,
      "gotFocusAt": undefined,
      "graph": [Circular],
      "has_errors": undefined,
      "id": 1,
      "ignore_remove": undefined,
      "inputs": [],
      "last_serialization": undefined,
      "locked": undefined,
      "lostFocusAt": undefined,
      "mode": 0,
      "mouseOver": undefined,
      "order": 0,
      "outputs": [],
      "progress": undefined,
      "properties": {},
      "properties_info": [],
      "redraw_on_mouse": undefined,
      "removable": undefined,
      "resizable": undefined,
      "selected": undefined,
      "serialize_widgets": undefined,
      "showAdvanced": undefined,
      "strokeStyles": {
        "error": [Function],
        "selected": [Function],
      },
      "title": "LGraphNode",
      "type": "mustBeSet",
      "widgets": undefined,
      "widgets_start_y": undefined,
      "widgets_up": undefined,
    },
  ],
  "_nodes_by_id": {
    "1": LGraphNode {
      "_collapsed_width": undefined,
      "_level": undefined,
      "_pos": Float32Array [
        10,
        10,
      ],
      "_posSize": Float32Array [
        10,
        10,
        140,
        60,
      ],
      "_relative_id": undefined,
      "_shape": undefined,
      "_size": Float32Array [
        140,
        60,
      ],
      "action_call": undefined,
      "action_triggered": undefined,
      "badgePosition": "top-left",
      "badges": [],
      "bgcolor": undefined,
      "block_delete": undefined,
      "boxcolor": undefined,
      "changeTracker": undefined,
      "clip_area": undefined,
      "clonable": undefined,
      "color": undefined,
      "console": undefined,
      "exec_version": undefined,
      "execute_triggered": undefined,
      "flags": {},
      "freeWidgetSpace": undefined,
      "gotFocusAt": undefined,
      "graph": [Circular],
      "has_errors": undefined,
      "id": 1,
      "ignore_remove": undefined,
      "inputs": [],
      "last_serialization": undefined,
      "locked": undefined,
      "lostFocusAt": undefined,
      "mode": 0,
      "mouseOver": undefined,
      "order": 0,
      "outputs": [],
      "progress": undefined,
      "properties": {},
      "properties_info": [],
      "redraw_on_mouse": undefined,
      "removable": undefined,
      "resizable": undefined,
      "selected": undefined,
      "serialize_widgets": undefined,
      "showAdvanced": undefined,
      "strokeStyles": {
        "error": [Function],
        "selected": [Function],
      },
      "title": "LGraphNode",
      "type": "mustBeSet",
      "widgets": undefined,
      "widgets_start_y": undefined,
      "widgets_up": undefined,
    },
  },
  "_nodes_executable": [],
  "_nodes_in_order": [
    LGraphNode {
      "_collapsed_width": undefined,
      "_level": undefined,
      "_pos": Float32Array [
        10,
        10,
      ],
      "_posSize": Float32Array [
        10,
        10,
        140,
        60,
      ],
      "_relative_id": undefined,
      "_shape": undefined,
      "_size": Float32Array [
        140,
        60,
      ],
      "action_call": undefined,
      "action_triggered": undefined,
      "badgePosition": "top-left",
      "badges": [],
      "bgcolor": undefined,
      "block_delete": undefined,
      "boxcolor": undefined,
      "changeTracker": undefined,
      "clip_area": undefined,
      "clonable": undefined,
      "color": undefined,
      "console": undefined,
      "exec_version": undefined,
      "execute_triggered": undefined,
      "flags": {},
      "freeWidgetSpace": undefined,
      "gotFocusAt": undefined,
      "graph": [Circular],
      "has_errors": undefined,
      "id": 1,
      "ignore_remove": undefined,
      "inputs": [],
      "last_serialization": undefined,
      "locked": undefined,
      "lostFocusAt": undefined,
      "mode": 0,
      "mouseOver": undefined,
      "order": 0,
      "outputs": [],
      "progress": undefined,
      "properties": {},
      "properties_info": [],
      "redraw_on_mouse": undefined,
      "removable": undefined,
      "resizable": undefined,
      "selected": undefined,
      "serialize_widgets": undefined,
      "showAdvanced": undefined,
      "strokeStyles": {
        "error": [Function],
        "selected": [Function],
      },
      "title": "LGraphNode",
      "type": "mustBeSet",
      "widgets": undefined,
      "widgets_start_y": undefined,
      "widgets_up": undefined,
    },
  ],
  "_subgraphs": Map {},
  "_version": 3,
  "catch_errors": true,
  "config": {},
  "elapsed_time": 0.01,
  "errors_in_execution": undefined,
  "events": CustomEventTarget {},
  "execution_time": undefined,
  "execution_timer_id": undefined,
  "extra": {},
  "filter": undefined,
  "fixedtime": 0,
  "fixedtime_lapse": 0.01,
  "globaltime": 0,
  "id": "ca9da7d8-fddd-4707-ad32-67be9be13140",
  "iteration": 0,
  "last_update_time": 0,
  "links": Map {},
  "list_of_graphcanvas": null,
  "nodes_actioning": [],
  "nodes_executedAction": [],
  "nodes_executing": [],
  "revision": 0,
  "runningtime": 0,
  "starttime": 0,
  "state": {
    "lastGroupId": 123,
    "lastLinkId": 0,
    "lastNodeId": 1,
    "lastRerouteId": 0,
  },
  "status": 1,
  "vars": {},
  "version": 1,
}
`;

exports[`LGraph (constructor only) > Matches previous snapshot > minLGraph 1`] = `
LGraph {
  "_groups": [],
  "_input_nodes": undefined,
  "_last_trigger_time": undefined,
  "_links": Map {},
  "_nodes": [],
  "_nodes_by_id": {},
  "_nodes_executable": [],
  "_nodes_in_order": [],
  "_subgraphs": Map {},
  "_version": 0,
  "catch_errors": true,
  "config": {},
  "elapsed_time": 0.01,
  "errors_in_execution": undefined,
  "events": CustomEventTarget {},
  "execution_time": undefined,
  "execution_timer_id": undefined,
  "extra": {},
  "filter": undefined,
  "fixedtime": 0,
  "fixedtime_lapse": 0.01,
  "globaltime": 0,
  "id": "d175890f-716a-4ece-ba33-1d17a513b7be",
  "iteration": 0,
  "last_update_time": 0,
  "links": Map {},
  "list_of_graphcanvas": null,
  "nodes_actioning": [],
  "nodes_executedAction": [],
  "nodes_executing": [],
  "revision": 0,
  "runningtime": 0,
  "starttime": 0,
  "state": {
    "lastGroupId": 0,
    "lastLinkId": 0,
    "lastNodeId": 0,
    "lastRerouteId": 0,
  },
  "status": 1,
  "vars": {},
  "version": 1,
}
`;
